
ΓòöΓòÉΓòÉΓòÉΓòÉΓòÉΓòÉΓòÉΓòÉΓòÉΓòÉΓòÉΓòÉΓòÉΓòÉΓòÉΓòÉΓòÉΓòÉΓòÉΓòÉΓòÉΓòÉΓòÉΓòÉΓòÉΓòÉΓòÉΓòÉΓòÉΓòÉΓòÉΓòÉΓòÉΓòÉΓòÉΓòÉΓòÉΓòÉΓòÉΓòÉΓòÉΓòÉΓòù
Γòæ    BM2MALL FULL API TEST SUITE           Γòæ
ΓòÜΓòÉΓòÉΓòÉΓòÉΓòÉΓòÉΓòÉΓòÉΓòÉΓòÉΓòÉΓòÉΓòÉΓòÉΓòÉΓòÉΓòÉΓòÉΓòÉΓòÉΓòÉΓòÉΓòÉΓòÉΓòÉΓòÉΓòÉΓòÉΓòÉΓòÉΓòÉΓòÉΓòÉΓòÉΓòÉΓòÉΓòÉΓòÉΓòÉΓòÉΓòÉΓòÉΓò¥

Γû╢ Phase 1: Authentication
  Γ£à [201] 1.1 Signup (new user)
  Γ£à [200] 1.3 Verify OTP
  ≡ƒöæ Logged in ΓÇö Cookie set, userId=22
  Γ£à [200] 1.5 Refresh Token
  Γ£à [401] 1.S1 Invalid Refresh Token (401)

Γû╢ Phase 2: Profile
  Γ£à [200] 2.1 Get My Profile

Γû╢ Phase 3: User Addresses
  Γ£à [201] 3.1 Add Address
  Γ£à [200] 3.2 Get My Addresses
  Γ£à [200] 3.3 Update Address

Γû╢ Phase 4: Categories
  Γ£à [200] 4.1 Get All Categories
  Γ£à [200] 4.2 Products by Category

Γû╢ Phase 5: Products
  Γ£à [200] 5.1 Get All Products
  ≡ƒôª Using productId=15 | cartProductId=5014
  Γ£à [200] 5.2 Search Products
  Γ£à [200] 5.3 Filter by Price
  Γ£à [200] 5.4 Product Detail
  ≡ƒÆ░ Confirmed saleRate=121.992 for productId=5014
  Γ£à [200] 5.5 Product Ratings
  Γ£à [200] 5.6 Rating Stats

Γû╢ Phase 6: Cart
  Γ£à [200] 6.1 Get Cart
  Γ£à [200] 6.2 Add to Cart
  Γ£à [200] 6.3 Update Cart Qty
  Γ£à [200] 6.4 Remove from Cart
  Γ£à [200] 6.5 Add back to Cart

Γû╢ Phase 7: Orders
  Γ£à [201] 7.1 Create Order (valid)
  ≡ƒåö Order Created: BM004
  Γ£à [200] 7.2 Get Order Detail
  Γ£à [200] 7.3 Get All Orders
  Γ£à [200] 7.4 Get All Orders (paginated)
  Γ£à [200] 7.5 Track Order
  Γ£à [200] 7.6 Update ΓåÆ CONFIRMED (with snapshot)
  Γ£à [200] 7.7 Update ΓåÆ SHIPPED
  Γ£à [201] 7.S1 Tampered Rate (dev-allowed)
  Γ£à [400] 7.S2 Total Mismatch (400)
  Γ£à [422] 7.S3 Missing cancel_reason (422)
  Γ£à [200] 7.8 Cancel Order

  [Security Tests]
  Γ£à [400] 7.S4 Double Cancel Guard (400)
  Γ£à [200] 7.9 Final Order State
  Final Status: CANCELLED
  Γ£à [201] 7.10 Create 2nd Order (for return)

Γû╢ Phase 8: Order Returns
  Γ£à [200] 8.2 Get All Returns

Γû╢ Phase 9: Wallet
  Γ£à [200] 9.1 Get Balance
  Γ£à [200] 9.2 Wallet History
  Γ£à [200] 9.3 Wallet Config
  Γ£à [200] 9.4 Validate Redemption

Γû╢ Phase 10: Notifications
  Γ£à [200] 10.1 Get All Notifications
  ≡ƒòÆ No notifications found. Skipping mark-as-read/delete tests.
  Γ£à [200] 10.3 Mark All Read
  Γ¥î [500] 10.5 Register Device Token ΓÇö "Failed to register device token"
  Γ£à [200] 10.6 Send Push Notification

Γû╢ Phase 11: FAQ
  Γ£à [200] 11.1 Get All FAQs
  Γ£à [200] 11.2 Get FAQ Categories

Γû╢ Phase 12: Policies
  Γ£à [200] 12.1 Terms & Conditions
  Γ£à [200] 12.2 Return Policy
  Γ£à [200] 12.3 Shipping Policy

Γû╢ Phase 13: Contact
  Γ£à [200] 13.1 Get Contact Info
  Γ£à [201] 13.2 Submit Enquiry

Γû╢ Phase 14: Coin Admin
  Γ£à [200] 14.1 Set Coin Config
  Γ£à [200] 14.2 Get Coin Config
  Γ£à [200] 14.3 Wallet Analytics
  Γ£à [200] 14.4 Trigger Coin Activation

Γû╢ Phase 15: Coupon Codes
  Γ£à [200] 15.2 Get All Coupons
  Γ£à [200] 15.4 Search Coupon

Γû╢ Phase 16: Auth Cleanup
  Γ£à [200] 16.1 Logout
  Γ£à [401] 16.2 Profile after Logout (401)

ΓòöΓòÉΓòÉΓòÉΓòÉΓòÉΓòÉΓòÉΓòÉΓòÉΓòÉΓòÉΓòÉΓòÉΓòÉΓòÉΓòÉΓòÉΓòÉΓòÉΓòÉΓòÉΓòÉΓòÉΓòÉΓòÉΓòÉΓòÉΓòÉΓòÉΓòÉΓòÉΓòÉΓòÉΓòÉΓòÉΓòÉΓòÉΓòÉΓòÉΓòÉΓòÉΓòÉΓòù
Γòæ             TEST REPORT                  Γòæ
ΓòáΓòÉΓòÉΓòÉΓòÉΓòÉΓòÉΓòÉΓòÉΓòÉΓòÉΓòÉΓòÉΓòÉΓòÉΓòÉΓòÉΓòÉΓòÉΓòÉΓòÉΓòÉΓòÉΓòÉΓòÉΓòÉΓòÉΓòÉΓòÉΓòÉΓòÉΓòÉΓòÉΓòÉΓòÉΓòÉΓòÉΓòÉΓòÉΓòÉΓòÉΓòÉΓòÉΓòú
Γòæ  Γ£à PASSED : 58                          Γòæ
Γòæ  Γ¥î FAILED : 1                           Γòæ
Γòæ  ≡ƒôè TOTAL  : 59                          Γòæ
ΓòÜΓòÉΓòÉΓòÉΓòÉΓòÉΓòÉΓòÉΓòÉΓòÉΓòÉΓòÉΓòÉΓòÉΓòÉΓòÉΓòÉΓòÉΓòÉΓòÉΓòÉΓòÉΓòÉΓòÉΓòÉΓòÉΓòÉΓòÉΓòÉΓòÉΓòÉΓòÉΓòÉΓòÉΓòÉΓòÉΓòÉΓòÉΓòÉΓòÉΓòÉΓòÉΓòÉΓò¥

--- Failed Tests ---
  Γ¥î [500] 10.5 Register Device Token ΓÇö Failed to register device token

